
> react-typescript-starter@0.1.0 test
> react-scripts test --coverage

Browserslist: caniuse-lite is outdated. Please run:
  npx browserslist@latest --update-db
  Why you should do it regularly: https://github.com/browserslist/browserslist#browsers-data-updating
PASS src/nested.test.ts
PASS src/arrays.test.ts
PASS src/objects.test.ts
FAIL src/components/StartAttempt.test.tsx
  ● StartAttempt Component tests › There is an initially disabled Stop Quiz button

    TestingLibraryElementError: Unable to find an accessible element with the role "button" and name `/Stop Quiz/i`

    Here are the accessible roles:

      button:

      Name "Start Quiz":
      [36m<button[39m
        [33mclass[39m=[32m"btn btn-primary"[39m
        [33mtype[39m=[32m"button"[39m
      [36m/>[39m

      Name "End Quiz":
      [36m<button[39m
        [33mclass[39m=[32m"btn btn-primary"[39m
        [33mdisabled[39m=[32m""[39m
        [33mtype[39m=[32m"button"[39m
      [36m/>[39m

      Name "Mulligan":
      [36m<button[39m
        [33mclass[39m=[32m"btn btn-primary"[39m
        [33mtype[39m=[32m"button"[39m
      [36m/>[39m

      --------------------------------------------------

    Ignored nodes: comments, <script />, <style />
    [36m<body>[39m
      [36m<div>[39m
        [36m<div>[39m
          [36m<span>[39m
            [0mAttempts: [0m
            [0m4[0m
          [36m</span>[39m
          [36m<button[39m
            [33mclass[39m=[32m"btn btn-primary"[39m
            [33mtype[39m=[32m"button"[39m
          [36m>[39m
            [0mStart Quiz[0m
          [36m</button>[39m
          [36m<button[39m
            [33mclass[39m=[32m"btn btn-primary"[39m
            [33mdisabled[39m=[32m""[39m
            [33mtype[39m=[32m"button"[39m
          [36m>[39m
            [0mEnd Quiz[0m
          [36m</button>[39m
          [36m<button[39m
            [33mclass[39m=[32m"btn btn-primary"[39m
            [33mtype[39m=[32m"button"[39m
          [36m>[39m
            [0mMulligan[0m
          [36m</button>[39m
        [36m</div>[39m
      [36m</div>[39m
    [36m</body>[39m

      46 |     });
      47 |     test("There is an initially disabled Stop Quiz button", () => {
    > 48 |         const stopButton = screen.getByRole("button", { name: /Stop Quiz/i });
         |                                   ^
      49 |         expect(stopButton).toBeInTheDocument();
      50 |         expect(stopButton).toBeDisabled();
      51 |     });

      at Object.getElementError (node_modules/@testing-library/dom/dist/config.js:38:19)
      at node_modules/@testing-library/dom/dist/query-helpers.js:90:38
      at node_modules/@testing-library/dom/dist/query-helpers.js:62:17
      at getByRole (node_modules/@testing-library/dom/dist/query-helpers.js:111:19)
      at Object.<anonymous> (src/components/StartAttempt.test.tsx:48:35)

  ● StartAttempt Component tests › Clicking Start Quiz changes enabled buttons

    TestingLibraryElementError: Unable to find an accessible element with the role "button" and name `/Stop Quiz/i`

    Here are the accessible roles:

      button:

      Name "Start Quiz":
      [36m<button[39m
        [33mclass[39m=[32m"btn btn-primary"[39m
        [33mtype[39m=[32m"button"[39m
      [36m/>[39m

      Name "End Quiz":
      [36m<button[39m
        [33mclass[39m=[32m"btn btn-primary"[39m
        [33mdisabled[39m=[32m""[39m
        [33mtype[39m=[32m"button"[39m
      [36m/>[39m

      Name "Mulligan":
      [36m<button[39m
        [33mclass[39m=[32m"btn btn-primary"[39m
        [33mtype[39m=[32m"button"[39m
      [36m/>[39m

      --------------------------------------------------

    Ignored nodes: comments, <script />, <style />
    [36m<body>[39m
      [36m<div>[39m
        [36m<div>[39m
          [36m<span>[39m
            [0mAttempts: [0m
            [0m4[0m
          [36m</span>[39m
          [36m<button[39m
            [33mclass[39m=[32m"btn btn-primary"[39m
            [33mtype[39m=[32m"button"[39m
          [36m>[39m
            [0mStart Quiz[0m
          [36m</button>[39m
          [36m<button[39m
            [33mclass[39m=[32m"btn btn-primary"[39m
            [33mdisabled[39m=[32m""[39m
            [33mtype[39m=[32m"button"[39m
          [36m>[39m
            [0mEnd Quiz[0m
          [36m</button>[39m
          [36m<button[39m
            [33mclass[39m=[32m"btn btn-primary"[39m
            [33mtype[39m=[32m"button"[39m
          [36m>[39m
            [0mMulligan[0m
          [36m</button>[39m
        [36m</div>[39m
      [36m</div>[39m
    [36m</body>[39m

      94 |             name: /Start Quiz/i
      95 |         });
    > 96 |         const stopButton = screen.getByRole("button", { name: /Stop Quiz/i });
         |                                   ^
      97 |         const mulliganButton = screen.getByRole("button", {
      98 |             name: /Mulligan/i
      99 |         });

      at Object.getElementError (node_modules/@testing-library/dom/dist/config.js:38:19)
      at node_modules/@testing-library/dom/dist/query-helpers.js:90:38
      at node_modules/@testing-library/dom/dist/query-helpers.js:62:17
      at getByRole (node_modules/@testing-library/dom/dist/query-helpers.js:111:19)
      at Object.<anonymous> (src/components/StartAttempt.test.tsx:96:35)

  ● StartAttempt Component tests › Clicking Start and Stop Quiz changes enabled buttons

    TestingLibraryElementError: Unable to find an accessible element with the role "button" and name `/Stop Quiz/i`

    Here are the accessible roles:

      button:

      Name "Start Quiz":
      [36m<button[39m
        [33mclass[39m=[32m"btn btn-primary"[39m
        [33mtype[39m=[32m"button"[39m
      [36m/>[39m

      Name "End Quiz":
      [36m<button[39m
        [33mclass[39m=[32m"btn btn-primary"[39m
        [33mdisabled[39m=[32m""[39m
        [33mtype[39m=[32m"button"[39m
      [36m/>[39m

      Name "Mulligan":
      [36m<button[39m
        [33mclass[39m=[32m"btn btn-primary"[39m
        [33mtype[39m=[32m"button"[39m
      [36m/>[39m

      --------------------------------------------------

    Ignored nodes: comments, <script />, <style />
    [36m<body>[39m
      [36m<div>[39m
        [36m<div>[39m
          [36m<span>[39m
            [0mAttempts: [0m
            [0m4[0m
          [36m</span>[39m
          [36m<button[39m
            [33mclass[39m=[32m"btn btn-primary"[39m
            [33mtype[39m=[32m"button"[39m
          [36m>[39m
            [0mStart Quiz[0m
          [36m</button>[39m
          [36m<button[39m
            [33mclass[39m=[32m"btn btn-primary"[39m
            [33mdisabled[39m=[32m""[39m
            [33mtype[39m=[32m"button"[39m
          [36m>[39m
            [0mEnd Quiz[0m
          [36m</button>[39m
          [36m<button[39m
            [33mclass[39m=[32m"btn btn-primary"[39m
            [33mtype[39m=[32m"button"[39m
          [36m>[39m
            [0mMulligan[0m
          [36m</button>[39m
        [36m</div>[39m
      [36m</div>[39m
    [36m</body>[39m

      110 |             name: /Start Quiz/i
      111 |         });
    > 112 |         const stopButton = screen.getByRole("button", { name: /Stop Quiz/i });
          |                                   ^
      113 |         const mulliganButton = screen.getByRole("button", {
      114 |             name: /Mulligan/i
      115 |         });

      at Object.getElementError (node_modules/@testing-library/dom/dist/config.js:38:19)
      at node_modules/@testing-library/dom/dist/query-helpers.js:90:38
      at node_modules/@testing-library/dom/dist/query-helpers.js:62:17
      at getByRole (node_modules/@testing-library/dom/dist/query-helpers.js:111:19)
      at Object.<anonymous> (src/components/StartAttempt.test.tsx:112:35)

  ● StartAttempt Component tests › Clicking Start, Stop, Mulligan sets attempts to original

    TestingLibraryElementError: Unable to find an accessible element with the role "button" and name `/Stop Quiz/i`

    Here are the accessible roles:

      button:

      Name "Start Quiz":
      [36m<button[39m
        [33mclass[39m=[32m"btn btn-primary"[39m
        [33mtype[39m=[32m"button"[39m
      [36m/>[39m

      Name "End Quiz":
      [36m<button[39m
        [33mclass[39m=[32m"btn btn-primary"[39m
        [33mdisabled[39m=[32m""[39m
        [33mtype[39m=[32m"button"[39m
      [36m/>[39m

      Name "Mulligan":
      [36m<button[39m
        [33mclass[39m=[32m"btn btn-primary"[39m
        [33mtype[39m=[32m"button"[39m
      [36m/>[39m

      --------------------------------------------------

    Ignored nodes: comments, <script />, <style />
    [36m<body>[39m
      [36m<div>[39m
        [36m<div>[39m
          [36m<span>[39m
            [0mAttempts: [0m
            [0m4[0m
          [36m</span>[39m
          [36m<button[39m
            [33mclass[39m=[32m"btn btn-primary"[39m
            [33mtype[39m=[32m"button"[39m
          [36m>[39m
            [0mStart Quiz[0m
          [36m</button>[39m
          [36m<button[39m
            [33mclass[39m=[32m"btn btn-primary"[39m
            [33mdisabled[39m=[32m""[39m
            [33mtype[39m=[32m"button"[39m
          [36m>[39m
            [0mEnd Quiz[0m
          [36m</button>[39m
          [36m<button[39m
            [33mclass[39m=[32m"btn btn-primary"[39m
            [33mtype[39m=[32m"button"[39m
          [36m>[39m
            [0mMulligan[0m
          [36m</button>[39m
        [36m</div>[39m
      [36m</div>[39m
    [36m</body>[39m

      127 |             name: /Start Quiz/i
      128 |         });
    > 129 |         const stopButton = screen.getByRole("button", { name: /Stop Quiz/i });
          |                                   ^
      130 |         const mulliganButton = screen.getByRole("button", {
      131 |             name: /Mulligan/i
      132 |         });

      at Object.getElementError (node_modules/@testing-library/dom/dist/config.js:38:19)
      at node_modules/@testing-library/dom/dist/query-helpers.js:90:38
      at node_modules/@testing-library/dom/dist/query-helpers.js:62:17
      at getByRole (node_modules/@testing-library/dom/dist/query-helpers.js:111:19)
      at Object.<anonymous> (src/components/StartAttempt.test.tsx:129:35)

  ● StartAttempt Component tests › Cannot click start quiz when out of attempts

    TestingLibraryElementError: Unable to find an accessible element with the role "button" and name `/Stop Quiz/i`

    Here are the accessible roles:

      button:

      Name "Start Quiz":
      [36m<button[39m
        [33mclass[39m=[32m"btn btn-primary"[39m
        [33mtype[39m=[32m"button"[39m
      [36m/>[39m

      Name "End Quiz":
      [36m<button[39m
        [33mclass[39m=[32m"btn btn-primary"[39m
        [33mdisabled[39m=[32m""[39m
        [33mtype[39m=[32m"button"[39m
      [36m/>[39m

      Name "Mulligan":
      [36m<button[39m
        [33mclass[39m=[32m"btn btn-primary"[39m
        [33mtype[39m=[32m"button"[39m
      [36m/>[39m

      --------------------------------------------------

    Ignored nodes: comments, <script />, <style />
    [36m<body>[39m
      [36m<div>[39m
        [36m<div>[39m
          [36m<span>[39m
            [0mAttempts: [0m
            [0m4[0m
          [36m</span>[39m
          [36m<button[39m
            [33mclass[39m=[32m"btn btn-primary"[39m
            [33mtype[39m=[32m"button"[39m
          [36m>[39m
            [0mStart Quiz[0m
          [36m</button>[39m
          [36m<button[39m
            [33mclass[39m=[32m"btn btn-primary"[39m
            [33mdisabled[39m=[32m""[39m
            [33mtype[39m=[32m"button"[39m
          [36m>[39m
            [0mEnd Quiz[0m
          [36m</button>[39m
          [36m<button[39m
            [33mclass[39m=[32m"btn btn-primary"[39m
            [33mtype[39m=[32m"button"[39m
          [36m>[39m
            [0mMulligan[0m
          [36m</button>[39m
        [36m</div>[39m
      [36m</div>[39m
    [36m</body>[39m

      152 |             name: /Start Quiz/i
      153 |         });
    > 154 |         const stopButton = screen.getByRole("button", { name: /Stop Quiz/i });
          |                                   ^
      155 |         const mulliganButton = screen.getByRole("button", {
      156 |             name: /Mulligan/i
      157 |         });

      at Object.getElementError (node_modules/@testing-library/dom/dist/config.js:38:19)
      at node_modules/@testing-library/dom/dist/query-helpers.js:90:38
      at node_modules/@testing-library/dom/dist/query-helpers.js:62:17
      at getByRole (node_modules/@testing-library/dom/dist/query-helpers.js:111:19)
      at Object.<anonymous> (src/components/StartAttempt.test.tsx:154:35)

FAIL src/components/TwoDice.test.tsx
  ● StartAttempt Component tests › There is an initially disabled Stop Quiz button

    TestingLibraryElementError: Unable to find an accessible element with the role "button" and name `/Stop Quiz/i`

    Here are the accessible roles:

      button:

      Name "Start Quiz":
      [36m<button[39m
        [33mclass[39m=[32m"btn btn-primary"[39m
        [33mtype[39m=[32m"button"[39m
      [36m/>[39m

      Name "End Quiz":
      [36m<button[39m
        [33mclass[39m=[32m"btn btn-primary"[39m
        [33mdisabled[39m=[32m""[39m
        [33mtype[39m=[32m"button"[39m
      [36m/>[39m

      Name "Mulligan":
      [36m<button[39m
        [33mclass[39m=[32m"btn btn-primary"[39m
        [33mtype[39m=[32m"button"[39m
      [36m/>[39m

      --------------------------------------------------

    Ignored nodes: comments, <script />, <style />
    [36m<body>[39m
      [36m<div>[39m
        [36m<div>[39m
          [36m<span>[39m
            [0mAttempts: [0m
            [0m4[0m
          [36m</span>[39m
          [36m<button[39m
            [33mclass[39m=[32m"btn btn-primary"[39m
            [33mtype[39m=[32m"button"[39m
          [36m>[39m
            [0mStart Quiz[0m
          [36m</button>[39m
          [36m<button[39m
            [33mclass[39m=[32m"btn btn-primary"[39m
            [33mdisabled[39m=[32m""[39m
            [33mtype[39m=[32m"button"[39m
          [36m>[39m
            [0mEnd Quiz[0m
          [36m</button>[39m
          [36m<button[39m
            [33mclass[39m=[32m"btn btn-primary"[39m
            [33mtype[39m=[32m"button"[39m
          [36m>[39m
            [0mMulligan[0m
          [36m</button>[39m
        [36m</div>[39m
      [36m</div>[39m
    [36m</body>[39m

      46 |     });
      47 |     test("There is an initially disabled Stop Quiz button", () => {
    > 48 |         const stopButton = screen.getByRole("button", { name: /Stop Quiz/i });
         |                                   ^
      49 |         expect(stopButton).toBeInTheDocument();
      50 |         expect(stopButton).toBeDisabled();
      51 |     });

      at Object.getElementError (node_modules/@testing-library/dom/dist/config.js:38:19)
      at node_modules/@testing-library/dom/dist/query-helpers.js:90:38
      at node_modules/@testing-library/dom/dist/query-helpers.js:62:17
      at getByRole (node_modules/@testing-library/dom/dist/query-helpers.js:111:19)
      at Object.<anonymous> (src/components/StartAttempt.test.tsx:48:35)

  ● StartAttempt Component tests › Clicking Start Quiz changes enabled buttons

    TestingLibraryElementError: Unable to find an accessible element with the role "button" and name `/Stop Quiz/i`

    Here are the accessible roles:

      button:

      Name "Start Quiz":
      [36m<button[39m
        [33mclass[39m=[32m"btn btn-primary"[39m
        [33mtype[39m=[32m"button"[39m
      [36m/>[39m

      Name "End Quiz":
      [36m<button[39m
        [33mclass[39m=[32m"btn btn-primary"[39m
        [33mdisabled[39m=[32m""[39m
        [33mtype[39m=[32m"button"[39m
      [36m/>[39m

      Name "Mulligan":
      [36m<button[39m
        [33mclass[39m=[32m"btn btn-primary"[39m
        [33mtype[39m=[32m"button"[39m
      [36m/>[39m

      --------------------------------------------------

    Ignored nodes: comments, <script />, <style />
    [36m<body>[39m
      [36m<div>[39m
        [36m<div>[39m
          [36m<span>[39m
            [0mAttempts: [0m
            [0m4[0m
          [36m</span>[39m
          [36m<button[39m
            [33mclass[39m=[32m"btn btn-primary"[39m
            [33mtype[39m=[32m"button"[39m
          [36m>[39m
            [0mStart Quiz[0m
          [36m</button>[39m
          [36m<button[39m
            [33mclass[39m=[32m"btn btn-primary"[39m
            [33mdisabled[39m=[32m""[39m
            [33mtype[39m=[32m"button"[39m
          [36m>[39m
            [0mEnd Quiz[0m
          [36m</button>[39m
          [36m<button[39m
            [33mclass[39m=[32m"btn btn-primary"[39m
            [33mtype[39m=[32m"button"[39m
          [36m>[39m
            [0mMulligan[0m
          [36m</button>[39m
        [36m</div>[39m
      [36m</div>[39m
    [36m</body>[39m

      94 |             name: /Start Quiz/i
      95 |         });
    > 96 |         const stopButton = screen.getByRole("button", { name: /Stop Quiz/i });
         |                                   ^
      97 |         const mulliganButton = screen.getByRole("button", {
      98 |             name: /Mulligan/i
      99 |         });

      at Object.getElementError (node_modules/@testing-library/dom/dist/config.js:38:19)
      at node_modules/@testing-library/dom/dist/query-helpers.js:90:38
      at node_modules/@testing-library/dom/dist/query-helpers.js:62:17
      at getByRole (node_modules/@testing-library/dom/dist/query-helpers.js:111:19)
      at Object.<anonymous> (src/components/StartAttempt.test.tsx:96:35)

  ● StartAttempt Component tests › Clicking Start and Stop Quiz changes enabled buttons

    TestingLibraryElementError: Unable to find an accessible element with the role "button" and name `/Stop Quiz/i`

    Here are the accessible roles:

      button:

      Name "Start Quiz":
      [36m<button[39m
        [33mclass[39m=[32m"btn btn-primary"[39m
        [33mtype[39m=[32m"button"[39m
      [36m/>[39m

      Name "End Quiz":
      [36m<button[39m
        [33mclass[39m=[32m"btn btn-primary"[39m
        [33mdisabled[39m=[32m""[39m
        [33mtype[39m=[32m"button"[39m
      [36m/>[39m

      Name "Mulligan":
      [36m<button[39m
        [33mclass[39m=[32m"btn btn-primary"[39m
        [33mtype[39m=[32m"button"[39m
      [36m/>[39m

      --------------------------------------------------

    Ignored nodes: comments, <script />, <style />
    [36m<body>[39m
      [36m<div>[39m
        [36m<div>[39m
          [36m<span>[39m
            [0mAttempts: [0m
            [0m4[0m
          [36m</span>[39m
          [36m<button[39m
            [33mclass[39m=[32m"btn btn-primary"[39m
            [33mtype[39m=[32m"button"[39m
          [36m>[39m
            [0mStart Quiz[0m
          [36m</button>[39m
          [36m<button[39m
            [33mclass[39m=[32m"btn btn-primary"[39m
            [33mdisabled[39m=[32m""[39m
            [33mtype[39m=[32m"button"[39m
          [36m>[39m
            [0mEnd Quiz[0m
          [36m</button>[39m
          [36m<button[39m
            [33mclass[39m=[32m"btn btn-primary"[39m
            [33mtype[39m=[32m"button"[39m
          [36m>[39m
            [0mMulligan[0m
          [36m</button>[39m
        [36m</div>[39m
      [36m</div>[39m
    [36m</body>[39m

      110 |             name: /Start Quiz/i
      111 |         });
    > 112 |         const stopButton = screen.getByRole("button", { name: /Stop Quiz/i });
          |                                   ^
      113 |         const mulliganButton = screen.getByRole("button", {
      114 |             name: /Mulligan/i
      115 |         });

      at Object.getElementError (node_modules/@testing-library/dom/dist/config.js:38:19)
      at node_modules/@testing-library/dom/dist/query-helpers.js:90:38
      at node_modules/@testing-library/dom/dist/query-helpers.js:62:17
      at getByRole (node_modules/@testing-library/dom/dist/query-helpers.js:111:19)
      at Object.<anonymous> (src/components/StartAttempt.test.tsx:112:35)

  ● StartAttempt Component tests › Clicking Start, Stop, Mulligan sets attempts to original

    TestingLibraryElementError: Unable to find an accessible element with the role "button" and name `/Stop Quiz/i`

    Here are the accessible roles:

      button:

      Name "Start Quiz":
      [36m<button[39m
        [33mclass[39m=[32m"btn btn-primary"[39m
        [33mtype[39m=[32m"button"[39m
      [36m/>[39m

      Name "End Quiz":
      [36m<button[39m
        [33mclass[39m=[32m"btn btn-primary"[39m
        [33mdisabled[39m=[32m""[39m
        [33mtype[39m=[32m"button"[39m
      [36m/>[39m

      Name "Mulligan":
      [36m<button[39m
        [33mclass[39m=[32m"btn btn-primary"[39m
        [33mtype[39m=[32m"button"[39m
      [36m/>[39m

      --------------------------------------------------

    Ignored nodes: comments, <script />, <style />
    [36m<body>[39m
      [36m<div>[39m
        [36m<div>[39m
          [36m<span>[39m
            [0mAttempts: [0m
            [0m4[0m
          [36m</span>[39m
          [36m<button[39m
            [33mclass[39m=[32m"btn btn-primary"[39m
            [33mtype[39m=[32m"button"[39m
          [36m>[39m
            [0mStart Quiz[0m
          [36m</button>[39m
          [36m<button[39m
            [33mclass[39m=[32m"btn btn-primary"[39m
            [33mdisabled[39m=[32m""[39m
            [33mtype[39m=[32m"button"[39m
          [36m>[39m
            [0mEnd Quiz[0m
          [36m</button>[39m
          [36m<button[39m
            [33mclass[39m=[32m"btn btn-primary"[39m
            [33mtype[39m=[32m"button"[39m
          [36m>[39m
            [0mMulligan[0m
          [36m</button>[39m
        [36m</div>[39m
      [36m</div>[39m
    [36m</body>[39m

      127 |             name: /Start Quiz/i
      128 |         });
    > 129 |         const stopButton = screen.getByRole("button", { name: /Stop Quiz/i });
          |                                   ^
      130 |         const mulliganButton = screen.getByRole("button", {
      131 |             name: /Mulligan/i
      132 |         });

      at Object.getElementError (node_modules/@testing-library/dom/dist/config.js:38:19)
      at node_modules/@testing-library/dom/dist/query-helpers.js:90:38
      at node_modules/@testing-library/dom/dist/query-helpers.js:62:17
      at getByRole (node_modules/@testing-library/dom/dist/query-helpers.js:111:19)
      at Object.<anonymous> (src/components/StartAttempt.test.tsx:129:35)

  ● StartAttempt Component tests › Cannot click start quiz when out of attempts

    TestingLibraryElementError: Unable to find an accessible element with the role "button" and name `/Stop Quiz/i`

    Here are the accessible roles:

      button:

      Name "Start Quiz":
      [36m<button[39m
        [33mclass[39m=[32m"btn btn-primary"[39m
        [33mtype[39m=[32m"button"[39m
      [36m/>[39m

      Name "End Quiz":
      [36m<button[39m
        [33mclass[39m=[32m"btn btn-primary"[39m
        [33mdisabled[39m=[32m""[39m
        [33mtype[39m=[32m"button"[39m
      [36m/>[39m

      Name "Mulligan":
      [36m<button[39m
        [33mclass[39m=[32m"btn btn-primary"[39m
        [33mtype[39m=[32m"button"[39m
      [36m/>[39m

      --------------------------------------------------

    Ignored nodes: comments, <script />, <style />
    [36m<body>[39m
      [36m<div>[39m
        [36m<div>[39m
          [36m<span>[39m
            [0mAttempts: [0m
            [0m4[0m
          [36m</span>[39m
          [36m<button[39m
            [33mclass[39m=[32m"btn btn-primary"[39m
            [33mtype[39m=[32m"button"[39m
          [36m>[39m
            [0mStart Quiz[0m
          [36m</button>[39m
          [36m<button[39m
            [33mclass[39m=[32m"btn btn-primary"[39m
            [33mdisabled[39m=[32m""[39m
            [33mtype[39m=[32m"button"[39m
          [36m>[39m
            [0mEnd Quiz[0m
          [36m</button>[39m
          [36m<button[39m
            [33mclass[39m=[32m"btn btn-primary"[39m
            [33mtype[39m=[32m"button"[39m
          [36m>[39m
            [0mMulligan[0m
          [36m</button>[39m
        [36m</div>[39m
      [36m</div>[39m
    [36m</body>[39m

      152 |             name: /Start Quiz/i
      153 |         });
    > 154 |         const stopButton = screen.getByRole("button", { name: /Stop Quiz/i });
          |                                   ^
      155 |         const mulliganButton = screen.getByRole("button", {
      156 |             name: /Mulligan/i
      157 |         });

      at Object.getElementError (node_modules/@testing-library/dom/dist/config.js:38:19)
      at node_modules/@testing-library/dom/dist/query-helpers.js:90:38
      at node_modules/@testing-library/dom/dist/query-helpers.js:62:17
      at getByRole (node_modules/@testing-library/dom/dist/query-helpers.js:111:19)
      at Object.<anonymous> (src/components/StartAttempt.test.tsx:154:35)

PASS src/form-components/MultipleChoiceQuestion.test.tsx
PASS src/bad-components/ChooseTeam.test.tsx
PASS src/bad-components/DoubleHalf.test.tsx
PASS src/functions.test.ts
PASS src/form-components/CheckAnswer.test.tsx
FAIL src/form-components/EditMode.test.tsx
  ● EditMode Component tests › Initial text should be 'Your Name is a student'.

    TestingLibraryElementError: Unable to find an element with the text: /Your Name is a student/i. This could be because the text is broken up by multiple elements. In this case, you can provide a function for your text matcher to make your matcher more flexible.

    Ignored nodes: comments, <script />, <style />
    [36m<body>[39m
      [36m<div>[39m
        [36m<div>[39m
          [36m<div>[39m
            [36m<div[39m
              [33mclass[39m=[32m"form-check form-switch"[39m
            [36m>[39m
              [36m<input[39m
                [33mclass[39m=[32m"form-check-input"[39m
                [33mid[39m=[32m"editModeUpdate"[39m
                [33mtype[39m=[32m"checkbox"[39m
              [36m/>[39m
              [36m<label[39m
                [33mclass[39m=[32m"form-check-label"[39m
                [33mfor[39m=[32m"editModeUpdate"[39m
                [33mtitle[39m=[32m""[39m
              [36m>[39m
                [0mEdit Mode?[0m
              [36m</label>[39m
            [36m</div>[39m
          [36m</div>[39m
          [36m<div />[39m
          [36m<div />[39m
          [36m<div>[39m
            [0mName[0m
            [0m is [0m
            [0ma student[0m
          [36m</div>[39m
        [36m</div>[39m
      [36m</div>[39m
    [36m</body>[39m

      13 |     });
      14 |     test("Initial text should be 'Your Name is a student'.", () => {
    > 15 |         expect(screen.getByText(/Your Name is a student/i)).toBeInTheDocument();
         |                       ^
      16 |     });
      17 |     test("Can switch into Edit Mode", () => {
      18 |         const switchButton = screen.getByRole("checkbox");

      at Object.getElementError (node_modules/@testing-library/dom/dist/config.js:38:19)
      at node_modules/@testing-library/dom/dist/query-helpers.js:90:38
      at node_modules/@testing-library/dom/dist/query-helpers.js:62:17
      at getByText (node_modules/@testing-library/dom/dist/query-helpers.js:111:19)
      at Object.<anonymous> (src/form-components/EditMode.test.tsx:15:23)

PASS src/components/ChangeType.test.tsx
PASS src/components/CycleHoliday.test.tsx
PASS src/form-components/GiveAttempts.test.tsx
PASS src/form-components/ChangeColor.test.tsx
PASS src/components/Counter.test.tsx
PASS src/components/RevealAnswer.test.tsx
PASS src/bad-components/ColoredBox.test.tsx
PASS src/bad-components/ShoveBox.test.tsx
PASS src/App.test.tsx
-----------------------------|---------|----------|---------|---------|-------------------
File                         | % Stmts | % Branch | % Funcs | % Lines | Uncovered Line #s 
-----------------------------|---------|----------|---------|---------|-------------------
All files                    |   99.59 |      100 |   99.23 |   99.58 |                   
 src                         |     100 |      100 |     100 |     100 |                   
  App.tsx                    |     100 |      100 |     100 |     100 |                   
  arrays.ts                  |     100 |      100 |     100 |     100 |                   
  functions.ts               |     100 |      100 |     100 |     100 |                   
  nested.ts                  |     100 |      100 |     100 |     100 |                   
  objects.ts                 |     100 |      100 |     100 |     100 |                   
 src/bad-components          |     100 |      100 |     100 |     100 |                   
  ChooseTeam.tsx             |     100 |      100 |     100 |     100 |                   
  ColoredBox.tsx             |     100 |      100 |     100 |     100 |                   
  DoubleHalf.tsx             |     100 |      100 |     100 |     100 |                   
  ShoveBox.tsx               |     100 |      100 |     100 |     100 |                   
 src/components              |   96.87 |      100 |   94.11 |   96.87 |                   
  ChangeType.tsx             |     100 |      100 |     100 |     100 |                   
  Counter.tsx                |     100 |      100 |     100 |     100 |                   
  CycleHoliday.tsx           |     100 |      100 |     100 |     100 |                   
  RevealAnswer.tsx           |     100 |      100 |     100 |     100 |                   
  StartAttempt.tsx           |   85.71 |      100 |      75 |   85.71 | 21                
  TwoDice.tsx                |     100 |      100 |     100 |     100 |                   
 src/form-components         |     100 |      100 |     100 |     100 |                   
  ChangeColor.tsx            |     100 |      100 |     100 |     100 |                   
  CheckAnswer.tsx            |     100 |      100 |     100 |     100 |                   
  EditMode.tsx               |     100 |      100 |     100 |     100 |                   
  GiveAttempts.tsx           |     100 |      100 |     100 |     100 |                   
  MultipleChoiceQuestion.tsx |     100 |      100 |     100 |     100 |                   
 src/interfaces              |       0 |        0 |       0 |       0 |                   
  answer.ts                  |       0 |        0 |       0 |       0 |                   
  question.ts                |       0 |        0 |       0 |       0 |                   
-----------------------------|---------|----------|---------|---------|-------------------

Test Suites: 3 failed, 17 passed, 20 total
Tests:       11 failed, 123 passed, 134 total
Snapshots:   0 total
Time:        18.283 s
Ran all test suites.
